#-----------------------------------------------------------
# Vivado v2019.1 (64-bit)
# SW Build 2552052 on Fri May 24 14:49:42 MDT 2019
# IP Build 2548770 on Fri May 24 18:01:18 MDT 2019
# Start of session at: Thu Nov 10 18:59:50 2022
# Process ID: 2180
# Current directory: C:/Users/expecto/Desktop/Program/Lab/Digital_Electronics_Lab/Lab5/Lab5
# Command line: vivado.exe -gui_launcher_event rodinguilauncherevent18636 C:\Users\expecto\Desktop\Program\Lab\Digital_Electronics_Lab\Lab5\Lab5\Lab5.xpr
# Log file: C:/Users/expecto/Desktop/Program/Lab/Digital_Electronics_Lab/Lab5/Lab5/vivado.log
# Journal file: C:/Users/expecto/Desktop/Program/Lab/Digital_Electronics_Lab/Lab5/Lab5\vivado.jou
#-----------------------------------------------------------
start_gui
open_project C:/Users/expecto/Desktop/Program/Lab/Digital_Electronics_Lab/Lab5/Lab5/Lab5.xpr
update_compile_order -fileset sources_1
launch_simulation -mode post-synthesis -type functional
launch_simulation
open_wave_config C:/Users/expecto/Desktop/Program/Lab/Digital_Electronics_Lab/Lab5/Lab5/T2_behav.wcfg
source T4.tcl
close_sim
launch_simulation
open_wave_config C:/Users/expecto/Desktop/Program/Lab/Digital_Electronics_Lab/Lab5/Lab5/T2_behav.wcfg
source T4.tcl
set_property is_enabled false [get_files  C:/Users/expecto/Desktop/Program/Lab/Digital_Electronics_Lab/Lab5/Lab5/T2_behav.wcfg]
close_sim
launch_simulation
source T4.tcl
set_property is_enabled false [get_files  C:/Users/expecto/Desktop/Program/Lab/Digital_Electronics_Lab/Lab5/Lab5/Lab5.srcs/sim_1/new/T4.v]
set_property is_enabled true [get_files  C:/Users/expecto/Desktop/Program/Lab/Digital_Electronics_Lab/Lab5/Lab5/Lab5.srcs/sim_1/new/T1.v]
update_compile_order -fileset sim_1
close_sim
# Disabling source management mode.  This is to allow the top design properties to be set without GUI intervention.
set_property source_mgmt_mode None [current_project]
set_property top T1 [get_filesets sim_1]
set_property top_lib xil_defaultlib [get_filesets sim_1]
# Re-enabling previously disabled source management mode.
set_property source_mgmt_mode All [current_project]
update_compile_order -fileset sim_1
launch_simulation
source T1.tcl
set_property is_enabled true [get_files  C:/Users/expecto/Desktop/Program/Lab/Digital_Electronics_Lab/Lab5/Lab5/Lab5.srcs/sim_1/new/T2.v]
update_compile_order -fileset sim_1
close_sim
# Disabling source management mode.  This is to allow the top design properties to be set without GUI intervention.
set_property source_mgmt_mode None [current_project]
set_property top T2 [get_filesets sim_1]
set_property top_lib xil_defaultlib [get_filesets sim_1]
# Re-enabling previously disabled source management mode.
set_property source_mgmt_mode All [current_project]
# Disabling source management mode.  This is to allow the top design properties to be set without GUI intervention.
set_property source_mgmt_mode None [current_project]
# Re-enabling previously disabled source management mode.
set_property source_mgmt_mode All [current_project]
update_compile_order -fileset sim_1
launch_simulation
source T2.tcl
close_sim
launch_simulation
source T2.tcl
close_sim
