#-----------------------------------------------------------
# Vivado v2019.1 (64-bit)
# SW Build 2552052 on Fri May 24 14:49:42 MDT 2019
# IP Build 2548770 on Fri May 24 18:01:18 MDT 2019
# Start of session at: Tue Apr  5 22:28:55 2022
# Process ID: 11620
# Current directory: C:/Users/expecto/Desktop/COD-experiment/USTC-2020-COD-Labs-master/USTC-2020-COD-Labs-master/Lab2/Lab2_single
# Command line: vivado.exe -gui_launcher_event rodinguilauncherevent20032 C:\Users\expecto\Desktop\COD-experiment\USTC-2020-COD-Labs-master\USTC-2020-COD-Labs-master\Lab2\Lab2_single\Lab2_single.xpr
# Log file: C:/Users/expecto/Desktop/COD-experiment/USTC-2020-COD-Labs-master/USTC-2020-COD-Labs-master/Lab2/Lab2_single/vivado.log
# Journal file: C:/Users/expecto/Desktop/COD-experiment/USTC-2020-COD-Labs-master/USTC-2020-COD-Labs-master/Lab2/Lab2_single\vivado.jou
#-----------------------------------------------------------
start_gui
open_project C:/Users/expecto/Desktop/COD-experiment/USTC-2020-COD-Labs-master/USTC-2020-COD-Labs-master/Lab2/Lab2_single/Lab2_single.xpr
update_compile_order -fileset sources_1
