#-----------------------------------------------------------
# Vivado v2019.1 (64-bit)
# SW Build 2552052 on Fri May 24 14:49:42 MDT 2019
# IP Build 2548770 on Fri May 24 18:01:18 MDT 2019
# Start of session at: Sun Apr 17 13:12:56 2022
# Process ID: 5420
# Current directory: C:/Users/expecto/Desktop/Lab/COD_Lab/USTC-2020-COD-Labs-master/USTC-2020-COD-Labs-master/Lab3/Lab4_onecicle_CPU
# Command line: vivado.exe -gui_launcher_event rodinguilauncherevent7908 C:\Users\expecto\Desktop\Lab\COD_Lab\USTC-2020-COD-Labs-master\USTC-2020-COD-Labs-master\Lab3\Lab4_onecicle_CPU\Lab4_onecicle_CPU.xpr
# Log file: C:/Users/expecto/Desktop/Lab/COD_Lab/USTC-2020-COD-Labs-master/USTC-2020-COD-Labs-master/Lab3/Lab4_onecicle_CPU/vivado.log
# Journal file: C:/Users/expecto/Desktop/Lab/COD_Lab/USTC-2020-COD-Labs-master/USTC-2020-COD-Labs-master/Lab3/Lab4_onecicle_CPU\vivado.jou
#-----------------------------------------------------------
start_gui
open_project C:/Users/expecto/Desktop/Lab/COD_Lab/USTC-2020-COD-Labs-master/USTC-2020-COD-Labs-master/Lab3/Lab4_onecicle_CPU/Lab4_onecicle_CPU.xpr
update_compile_order -fileset sources_1
save_project_as one_circle_CPU C:/Users/expecto/Desktop/Lab/COD_Lab/Lab4/one_circle_CPU -force
close [ open C:/Users/expecto/Desktop/Lab/COD_Lab/Lab4/one_circle_CPU/one_circle_CPU.srcs/sources_1/new/Immgen.v w ]
add_files C:/Users/expecto/Desktop/Lab/COD_Lab/Lab4/one_circle_CPU/one_circle_CPU.srcs/sources_1/new/Immgen.v
update_compile_order -fileset sources_1
