Copyright 1986-2019 Xilinx, Inc. All Rights Reserved.
------------------------------------------------------------------------------------
| Tool Version : Vivado v.2019.2 (win64) Build 2708876 Wed Nov  6 21:40:23 MST 2019
| Date         : Mon Jun  1 10:33:53 2020
| Host         : DESKTOP-CK1FK5P running 64-bit major release  (build 9200)
| Command      : report_control_sets -verbose -file dbu_control_sets_placed.rpt
| Design       : dbu
| Device       : xc7a100t
------------------------------------------------------------------------------------

Control Set Information

Table of Contents
-----------------
1. Summary
2. Histogram
3. Flip-Flop Distribution
4. Detailed Control Set Information

1. Summary
----------

+----------------------------------------------------------+-------+
|                          Status                          | Count |
+----------------------------------------------------------+-------+
| Total control sets                                       |    24 |
|    Minimum number of control sets                        |    24 |
|    Addition due to synthesis replication                 |     0 |
|    Addition due to physical synthesis replication        |     0 |
| Unused register locations in slices containing registers |    24 |
+----------------------------------------------------------+-------+
* Control sets can be merged at opt_design using control_set_merge or merge_equivalent_drivers
** Run report_qor_suggestions for automated merging and remapping suggestions


2. Histogram
------------

+--------------------+-------+
|       Fanout       | Count |
+--------------------+-------+
| Total control sets |    24 |
| >= 0 to < 4        |     0 |
| >= 4 to < 6        |     1 |
| >= 6 to < 8        |     1 |
| >= 8 to < 10       |     1 |
| >= 10 to < 12      |     0 |
| >= 12 to < 14      |     0 |
| >= 14 to < 16      |     0 |
| >= 16              |    21 |
+--------------------+-------+
* Control sets can be remapped at either synth_design or opt_design


3. Flip-Flop Distribution
-------------------------

+--------------+-----------------------+------------------------+-----------------+--------------+
| Clock Enable | Synchronous Set/Reset | Asynchronous Set/Reset | Total Registers | Total Slices |
+--------------+-----------------------+------------------------+-----------------+--------------+
| No           | No                    | No                     |               4 |            2 |
| No           | No                    | Yes                    |              67 |           17 |
| No           | Yes                   | No                     |             258 |          129 |
| Yes          | No                    | No                     |               0 |            0 |
| Yes          | No                    | Yes                    |             523 |          319 |
| Yes          | Yes                   | No                     |              28 |           10 |
+--------------+-----------------------+------------------------+-----------------+--------------+


4. Detailed Control Set Information
-----------------------------------

+----------------+--------------------------------------------------------------------------------------------------------+-----------------------------------+------------------+----------------+
|  Clock Signal  |                                              Enable Signal                                             |          Set/Reset Signal         | Slice Load Count | Bel Load Count |
+----------------+--------------------------------------------------------------------------------------------------------+-----------------------------------+------------------+----------------+
|  clk_IBUF_BUFG |                                                                                                        |                                   |                2 |              4 |
|  clk_IBUF_BUFG | nixietube/FSM_sequential_an_reg[2]_i_1_n_0                                                             | rst_IBUF                          |                5 |              7 |
|  clk_IBUF_BUFG | dec_edge_taker/in1_reg[0]_0                                                                            | rst_IBUF                          |                2 |              9 |
|  clk_IBUF_BUFG | cpu_pipeline/ctrl_unit/p_2_out[0]                                                                      | rst_IBUF                          |               11 |             27 |
|  clk_IBUF_BUFG | cpu_pipeline/ctrl_unit/we0                                                                             | rst_IBUF                          |               10 |             28 |
|  clk_IBUF_BUFG | cpu_pipeline/MEM_WB/d_reg[1]_7[0]                                                                      | rst_IBUF                          |               20 |             32 |
|  clk_IBUF_BUFG | cpu_pipeline/MEM_WB/d_reg[1]_8[0]                                                                      | rst_IBUF                          |               24 |             32 |
|  clk_IBUF_BUFG | cpu_pipeline/MEM_WB/d_reg[2]_0[0]                                                                      | rst_IBUF                          |               26 |             32 |
|  clk_IBUF_BUFG | cpu_pipeline/MEM_WB/d_reg[2]_10[0]                                                                     | rst_IBUF                          |               20 |             32 |
|  clk_IBUF_BUFG | cpu_pipeline/MEM_WB/d_reg[0]_1[0]                                                                      | rst_IBUF                          |               22 |             32 |
|  clk_IBUF_BUFG | cpu_pipeline/MEM_WB/d_reg[0]_2[0]                                                                      | rst_IBUF                          |               26 |             32 |
|  clk_IBUF_BUFG | cpu_pipeline/MEM_WB/d_reg[2]_8[0]                                                                      | rst_IBUF                          |               18 |             32 |
|  clk_IBUF_BUFG | cpu_pipeline/MEM_WB/d_reg[2]_9[0]                                                                      | rst_IBUF                          |               14 |             32 |
|  clk_IBUF_BUFG | cpu_pipeline/MEM_WB/d_reg[0]_0[0]                                                                      | rst_IBUF                          |               14 |             32 |
|  clk_IBUF_BUFG | cpu_pipeline/MEM_WB/d_reg[1]_0[0]                                                                      | rst_IBUF                          |               18 |             32 |
|  clk_IBUF_BUFG | cpu_pipeline/MEM_WB/d_reg[69]_6[0]                                                                     | rst_IBUF                          |               20 |             32 |
|  clk_IBUF_BUFG | cpu_pipeline/MEM_WB/d_reg[69]_3[0]                                                                     | rst_IBUF                          |               20 |             32 |
|  clk_IBUF_BUFG | cpu_pipeline/MEM_WB/d_reg[69]_4[0]                                                                     | rst_IBUF                          |               20 |             32 |
|  clk_IBUF_BUFG | cpu_pipeline/MEM_WB/d_reg[69]_5[0]                                                                     | rst_IBUF                          |               18 |             32 |
|  clk_IBUF_BUFG | cpu_pipeline/MEM_WB/E[0]                                                                               | rst_IBUF                          |               21 |             32 |
|  clk_IBUF_BUFG |                                                                                                        | cpu_pipeline/ID_EX/d[166]_i_1_n_0 |               58 |             87 |
|  clk_IBUF_BUFG | cpu_pipeline/data_mem/U0/synth_options.dist_mem_inst/gen_dp_ram.dpram_inst/ram_reg_0_127_0_0_i_1_n_0   |                                   |               32 |            128 |
|  clk_IBUF_BUFG | cpu_pipeline/data_mem/U0/synth_options.dist_mem_inst/gen_dp_ram.dpram_inst/ram_reg_128_255_0_0_i_1_n_0 |                                   |               32 |            128 |
|  clk_IBUF_BUFG |                                                                                                        | rst_IBUF                          |               88 |            238 |
+----------------+--------------------------------------------------------------------------------------------------------+-----------------------------------+------------------+----------------+


